=== victim start (core 3 fix) ===
pid 19192's current affinity list: 0-15
pid 19192's new affinity list: 3
    PID PSR COMMAND
  19192   3 python3
pid 19192's current scheduling policy: SCHED_OTHER
pid 19192's current scheduling priority: 0

=== Run 1/3 : non-load, SCHED_OTHER (20s) ===

=== Run 2/3 : load, SCHED_OTHER (20s) ===
    PID PSR COMMAND
  19313   3 stress-ng
  19315   3 stress-ng
  19316   3 stress-ng

=== SCHED_FIFO 80 ===
pid 19192's current scheduling policy: SCHED_FIFO
pid 19192's current scheduling priority: 80

=== Run 3/3 : load, SCHED_FIFO 80 (20s) ===
    PID PSR COMMAND
  19493   3 stress-ng
  19495   3 stress-ng
  19496   3 stress-ng

=== result ===
victim_1_idle.txt          victim_2_other_load.txt    victim_3_fifo_load.txt     