=== victim start (core 3 fix) ===
pid 21874's current affinity list: 0-15
pid 21874's new affinity list: 3
    PID PSR COMMAND
  21874   3 python3
pid 21874's current scheduling policy: SCHED_OTHER
pid 21874's current scheduling priority: 0

=== Run 1/3 : non-load, SCHED_OTHER (20s) ===

=== Run 2/3 : load, SCHED_OTHER (20s) ===
    PID PSR COMMAND
  22009   3 stress-ng
  22011   3 stress-ng
  22012   3 stress-ng

=== SCHED_FIFO 80 ===
pid 21874's current scheduling policy: SCHED_FIFO
pid 21874's current scheduling priority: 80

=== Run 3/3 : load, SCHED_FIFO 80 (20s) ===
    PID PSR COMMAND
  22191   3 stress-ng
  22193   3 stress-ng
  22194   3 stress-ng

=== result ===
victim_1_idle.txt          cswch/s=644.35    nvcswch/s=0.20
victim_2_other_load.txt    cswch/s=391.50    nvcswch/s=0.10
victim_3_fifo_load.txt     cswch/s=662.70    nvcswch/s=0.05
